pnpm : $ vitest --project=storybook run
At line:1 char:1
+ pnpm run test:storybook > test-results.txt 2>&1
+ ~~~~~~~~~~~~~~~~~~~~~~~~~~~~~~~~~~~~~~~~~~~~~~~
    + CategoryInfo          : NotSpecified: ($ vitest --project=storybook run:String) [], RemoteException
    + FullyQualifiedErrorId : NativeCommandError
 
[90m|[39m
[33m![39m  No story files found for the specified pattern: [34msrc\**\*.mdx[39m

[1m[30m[46m RUN [49m[39m[22m [36mv4.1.7 [39m[90mC:/cv/signet[39m

 [31mÔØ»[39m [30m[45m storybook (chromium) [49m[39m src/components/ui/animated-creed-block.stories.tsx [2m([22m[2m1 test[22m[2m | [22m[31m1 failed[39m[2m)[22m[33m 524[2mms[22m[39m
[31m   [31m├ù[31m Default[39m[33m 506[2mms[22m[39m
 [32mÔ£ô[39m [30m[45m storybook (chromium) [49m[39m src/components/ui/textarea.stories.tsx [2m([22m[2m1 test[22m[2m)[22m[33m 1954[2mms[22m[39m
   [33m[2mÔ£ô[22m[39m Default [33m 1944[2mms[22m[39m
 [32mÔ£ô[39m [30m[45m storybook (chromium) [49m[39m src/components/ui/ripple-button.stories.tsx [2m([22m[2m1 test[22m[2m)[22m[33m 1861[2mms[22m[39m
   [33m[2mÔ£ô[22m[39m Default [33m 1846[2mms[22m[39m
 [32mÔ£ô[39m [30m[45m storybook (chromium) [49m[39m src/components/ui/progress.stories.tsx [2m([22m[2m1 test[22m[2m)[22m[33m 1965[2mms[22m[39m
   [33m[2mÔ£ô[22m[39m Default [33m 1948[2mms[22m[39m
 [31mÔØ»[39m [30m[45m storybook (chromium) [49m[39m src/components/ui/input.stories.tsx [2m([22m[2m1 test[22m[2m | [22m[31m1 failed[39m[2m)[22m[33m 2612[2mms[22m[39m
[31m   [31m├ù[31m Default[39m[33m 2601[2mms[22m[39m
 [31mÔØ»[39m [30m[45m storybook (chromium) [49m[39m src/components/ui/checkbox.stories.tsx [2m([22m[2m1 test[22m[2m | [22m[31m1 failed[39m[2m)[22m[33m 2549[2mms[22m[39m
[31m   [31m├ù[31m Default[39m[33m 2539[2mms[22m[39m
 [32mÔ£ô[39m [30m[45m storybook (chromium) [49m[39m src/components/ui/Button.stories.tsx [2m([22m[2m17 tests[22m[2m)[22m[33m 4164[2mms[22m[39m
   [33m[2mÔ£ô[22m[39m Default [33m 1642[2mms[22m[39m
   [33m[2mÔ£ô[22m[39m Secondary [33m 312[2mms[22m[39m
 [32mÔ£ô[39m [30m[45m storybook (chromium) [49m[39m src/components/ui/Badge.stories.tsx [2m([22m[2m6 tests[22m[2m)[22m[33m 2464[2mms[22m[39m
   [33m[2mÔ£ô[22m[39m Default [33m 1633[2mms[22m[39m
 [32mÔ£ô[39m [30m[45m storybook (chromium) [49m[39m src/components/ui/sidebar.stories.tsx [2m([22m[2m1 test[22m[2m)[22m[33m 892[2mms[22m[39m
   [33m[2mÔ£ô[22m[39m Default [33m 890[2mms[22m[39m
 [32mÔ£ô[39m [30m[45m storybook (chromium) [49m[39m src/components/ui/breadcrumb.stories.tsx [2m([22m[2m1 test[22m[2m)[22m[33m 1135[2mms[22m[39m
   [33m[2mÔ£ô[22m[39m Default [33m 1134[2mms[22m[39m
 [32mÔ£ô[39m [30m[45m storybook (chromium) [49m[39m src/components/ui/holographic-display.stories.tsx [2m([22m[2m1 test[22m[2m)[22m[33m 1520[2mms[22m[39m
   [33m[2mÔ£ô[22m[39m Default [33m 1519[2mms[22m[39m
 [32mÔ£ô[39m [30m[45m storybook (chromium) [49m[39m src/components/ui/orbital-loader.stories.tsx [2m([22m[2m1 test[22m[2m)[22m[33m 1786[2mms[22m[39m
   [33m[2mÔ£ô[22m[39m Default [33m 1784[2mms[22m[39m
 [32mÔ£ô[39m [30m[45m storybook (chromium) [49m[39m src/components/ui/hero-demo.stories.tsx [2m([22m[2m1 test[22m[2m)[22m[33m 1831[2mms[22m[39m
   [33m[2mÔ£ô[22m[39m Default [33m 1829[2mms[22m[39m
 [32mÔ£ô[39m [30m[45m storybook (chromium) [49m[39m src/components/ui/open-beta-badge.stories.tsx [2m([22m[2m1 test[22m[2m)[22m[33m 1488[2mms[22m[39m
   [33m[2mÔ£ô[22m[39m Default [33m 1485[2mms[22m[39m
 [32mÔ£ô[39m [30m[45m storybook (chromium) [49m[39m src/components/ui/separator.stories.tsx [2m([22m[2m1 test[22m[2m)[22m[33m 1286[2mms[22m[39m
   [33m[2mÔ£ô[22m[39m Default [33m 1285[2mms[22m[39m
 [32mÔ£ô[39m [30m[45m storybook (chromium) [49m[39m src/components/ui/profile-dropdown.stories.tsx [2m([22m[2m1 test[22m[2m)[22m[33m 1413[2mms[22m[39m
   [33m[2mÔ£ô[22m[39m Default [33m 1412[2mms[22m[39m
 [32mÔ£ô[39m [30m[45m storybook (chromium) [49m[39m src/components/ui/label.stories.tsx [2m([22m[2m1 test[22m[2m)[22m[33m 561[2mms[22m[39m
   [33m[2mÔ£ô[22m[39m Default [33m 559[2mms[22m[39m
 [32mÔ£ô[39m [30m[45m storybook (chromium) [49m[39m src/components/ui/lottie-animation.stories.tsx [2m([22m[2m1 test[22m[2m)[22m[33m 965[2mms[22m[39m
   [33m[2mÔ£ô[22m[39m Default [33m 964[2mms[22m[39m
 [32mÔ£ô[39m [30m[45m storybook (chromium) [49m[39m src/components/ui/tooltip.stories.tsx [2m([22m[2m1 test[22m[2m)[22m[33m 787[2mms[22m[39m
   [33m[2mÔ£ô[22m[39m Default [33m 786[2mms[22m[39m
 [32mÔ£ô[39m [30m[45m storybook (chromium) [49m[39m src/components/ui/popover.stories.tsx [2m([22m[2m1 test[22m[2m)[22m[33m 628[2mms[22m[39m
   [33m[2mÔ£ô[22m[39m Default [33m 626[2mms[22m[39m
 [32mÔ£ô[39m [30m[45m storybook (chromium) [49m[39m src/components/ui/particles.stories.tsx [2m([22m[2m1 test[22m[2m)[22m[33m 998[2mms[22m[39m
   [33m[2mÔ£ô[22m[39m Default [33m 996[2mms[22m[39m
 [32mÔ£ô[39m [30m[45m storybook (chromium) [49m[39m src/components/ui/card.stories.tsx [2m([22m[2m1 test[22m[2m)[22m[33m 1443[2mms[22m[39m
   [33m[2mÔ£ô[22m[39m Default [33m 1442[2mms[22m[39m
 [32mÔ£ô[39m [30m[45m storybook (chromium) [49m[39m src/components/ui/logo.stories.tsx [2m([22m[2m1 test[22m[2m)[22m[33m 779[2mms[22m[39m
   [33m[2mÔ£ô[22m[39m Default [33m 778[2mms[22m[39m
 [32mÔ£ô[39m [30m[45m storybook (chromium) [49m[39m src/components/ui/scroll-area.stories.tsx [2m([22m[2m1 test[22m[2m)[22m[33m 511[2mms[22m[39m
   [33m[2mÔ£ô[22m[39m Default [33m 510[2mms[22m[39m
 [32mÔ£ô[39m [30m[45m storybook (chromium) [49m[39m src/components/ui/dropdown-menu.stories.tsx [2m([22m[2m1 test[22m[2m)[22m[33m 711[2mms[22m[39m
   [33m[2mÔ£ô[22m[39m Default [33m 709[2mms[22m[39m
 [32mÔ£ô[39m [30m[45m storybook (chromium) [49m[39m src/components/ui/navigation-menu.stories.tsx [2m([22m[2m1 test[22m[2m)[22m[33m 724[2mms[22m[39m
   [33m[2mÔ£ô[22m[39m Default [33m 723[2mms[22m[39m
 [32mÔ£ô[39m [30m[45m storybook (chromium) [49m[39m src/components/ui/skeleton.stories.tsx [2m([22m[2m1 test[22m[2m)[22m[33m 626[2mms[22m[39m
   [33m[2mÔ£ô[22m[39m Default [33m 624[2mms[22m[39m
 [32mÔ£ô[39m [30m[45m storybook (chromium) [49m[39m src/components/ui/table.stories.tsx [2m([22m[2m1 test[22m[2m)[22m[33m 924[2mms[22m[39m
   [33m[2mÔ£ô[22m[39m Default [33m 923[2mms[22m[39m
 [32mÔ£ô[39m [30m[45m storybook (chromium) [49m[39m src/components/ui/drawer.stories.tsx [2m([22m[2m1 test[22m[2m)[22m[33m 838[2mms[22m[39m
   [33m[2mÔ£ô[22m[39m Default [33m 837[2mms[22m[39m
 [32mÔ£ô[39m [30m[45m storybook (chromium) [49m[39m src/components/ui/toggle.stories.tsx [2m([22m[2m1 test[22m[2m)[22m[33m 1458[2mms[22m[39m
   [33m[2mÔ£ô[22m[39m Default [33m 1457[2mms[22m[39m
 [32mÔ£ô[39m [30m[45m storybook (chromium) [49m[39m src/components/ui/dialog.stories.tsx [2m([22m[2m1 test[22m[2m)[22m[33m 524[2mms[22m[39m
   [33m[2mÔ£ô[22m[39m Default [33m 523[2mms[22m[39m
 [32mÔ£ô[39m [30m[45m storybook (chromium) [49m[39m src/components/ui/toggle-group.stories.tsx [2m([22m[2m1 test[22m[2m)[22m[33m 733[2mms[22m[39m
   [33m[2mÔ£ô[22m[39m Default [33m 731[2mms[22m[39m
 [32mÔ£ô[39m [30m[45m storybook (chromium) [49m[39m src/components/ui/command.stories.tsx [2m([22m[2m1 test[22m[2m)[22m[33m 651[2mms[22m[39m
   [33m[2mÔ£ô[22m[39m Default [33m 649[2mms[22m[39m
 [32mÔ£ô[39m [30m[45m storybook (chromium) [49m[39m src/components/ui/avatar.stories.tsx [2m([22m[2m1 test[22m[2m)[22m[33m 1104[2mms[22m[39m
   [33m[2mÔ£ô[22m[39m Default [33m 1102[2mms[22m[39m
 [32mÔ£ô[39m [30m[45m storybook (chromium) [49m[39m src/components/ui/ReforgeCompareModal.stories.tsx [2m([22m[2m1 test[22m[2m)[22m[33m 1116[2mms[22m[39m
   [33m[2mÔ£ô[22m[39m Default [33m 1114[2mms[22m[39m
 [32mÔ£ô[39m [30m[45m storybook (chromium) [49m[39m src/components/ui/select.stories.tsx [2m([22m[2m1 test[22m[2m)[22m[33m 811[2mms[22m[39m
   [33m[2mÔ£ô[22m[39m Default [33m 810[2mms[22m[39m
 [32mÔ£ô[39m [30m[45m storybook (chromium) [49m[39m src/components/ui/command-palette.stories.tsx [2m([22m[2m1 test[22m[2m)[22m[33m 926[2mms[22m[39m
   [33m[2mÔ£ô[22m[39m Default [33m 924[2mms[22m[39m
 [32mÔ£ô[39m [30m[45m storybook (chromium) [49m[39m src/components/ui/field.stories.tsx [2m([22m[2m1 test[22m[2m)[22m[33m 638[2mms[22m[39m
   [33m[2mÔ£ô[22m[39m Default [33m 636[2mms[22m[39m
 [32mÔ£ô[39m [30m[45m storybook (chromium) [49m[39m src/components/ui/geometric-seal.stories.tsx [2m([22m[2m1 test[22m[2m)[22m[33m 1035[2mms[22m[39m
   [33m[2mÔ£ô[22m[39m Default [33m 1033[2mms[22m[39m
 [32mÔ£ô[39m [30m[45m storybook (chromium) [49m[39m src/components/ui/input-group.stories.tsx [2m([22m[2m1 test[22m[2m)[22m[33m 1170[2mms[22m[39m
   [33m[2mÔ£ô[22m[39m Default [33m 1168[2mms[22m[39m
 [32mÔ£ô[39m [30m[45m storybook (chromium) [49m[39m src/components/ui/neon-gradient-card.stories.tsx [2m([22m[2m1 test[22m[2m)[22m[33m 560[2mms[22m[39m
   [33m[2mÔ£ô[22m[39m Default [33m 559[2mms[22m[39m
 [32mÔ£ô[39m [30m[45m storybook (chromium) [49m[39m src/components/ui/onboarding.stories.tsx [2m([22m[2m1 test[22m[2m)[22m[33m 749[2mms[22m[39m
   [33m[2mÔ£ô[22m[39m Default [33m 748[2mms[22m[39m
 [32mÔ£ô[39m [30m[45m storybook (chromium) [49m[39m src/components/ui/sheet.stories.tsx [2m([22m[2m1 test[22m[2m)[22m[33m 373[2mms[22m[39m
   [33m[2mÔ£ô[22m[39m Default [33m 371[2mms[22m[39m
 [32mÔ£ô[39m [30m[45m storybook (chromium) [49m[39m src/components/ui/accordion.stories.tsx [2m([22m[2m1 test[22m[2m)[22m[33m 636[2mms[22m[39m
   [33m[2mÔ£ô[22m[39m Default [33m 633[2mms[22m[39m
 [32mÔ£ô[39m [30m[45m storybook (chromium) [49m[39m src/components/ui/tabs.stories.tsx [2m([22m[2m1 test[22m[2m)[22m[33m 448[2mms[22m[39m
   [33m[2mÔ£ô[22m[39m Default [33m 447[2mms[22m[39m

[31mÔÄ»ÔÄ»ÔÄ»ÔÄ»ÔÄ»ÔÄ»ÔÄ»[39m[1m[41m Failed Tests 3 [49m[22m[31mÔÄ»ÔÄ»ÔÄ»ÔÄ»ÔÄ»ÔÄ»ÔÄ»[39m

[41m[1m FAIL [22m[49m [30m[45m storybook (chromium) [49m[39m 
src/components/ui/animated-creed-block.stories.tsx[2m > [22mDefault
[31m[1mTypeError[22m: 
[34mClick to debug the error directly in Storybook: 
http://localhost:6006/?path=/story/ui-animatedcreedblock--default&addonPanel=storybook/interactions/panel[31m

Cannot read properties of undefined (reading 'map')[39m
[36m [2mÔØ»[22m AnimatedCreedBlock src/components/ui/animated-creed-block.tsx:[2m110:13[22m[39m
    [90m108|[39m   [35mreturn[39m (
    [90m109|[39m     [33m<[39m[33mdiv[39m 
[33mclassName[39m[33m=[39m[33m{[39m[34mcn[39m([32m"space-y-5"[39m[33m,[39m className)[33m}[39m[33m>[39m
    [90m110|[39m       [33m{[39mlines[33m.[39m[34mmap[39m((line[33m,[39m index) [33m=>[39m {
    [90m   |[39m             [31m^[39m
    [90m111|[39m         [35mconst[39m isActive [33m=[39m index [33m===[39m currentLine
    [90m112|[39m         [35mconst[39m isDone [33m=[39m completedLines[33m.[39m[34mhas[39m(index)
[90m [2mÔØ»[22m Object.react_stack_bottom_frame node_modules/.pnpm/react-dom@19.2.6_react@19.2.6/node_modules/react-
dom/cjs/react-dom-client.development.js:[2m25904:19[22m[39m
[90m [2mÔØ»[22m renderWithHooks node_modules/.pnpm/react-dom@19.2.6_react@19.2.6/node_modules/react-dom/cjs/react-do
m-client.development.js:[2m7662:21[22m[39m
[90m [2mÔØ»[22m updateFunctionComponent node_modules/.pnpm/react-dom@19.2.6_react@19.2.6/node_modules/react-dom/cjs/
react-dom-client.development.js:[2m10166:18[22m[39m
[90m [2mÔØ»[22m beginWork node_modules/.pnpm/react-dom@19.2.6_react@19.2.6/node_modules/react-dom/cjs/react-dom-clie
nt.development.js:[2m11778:17[22m[39m
[90m [2mÔØ»[22m runWithFiberInDEV node_modules/.pnpm/react-dom@19.2.6_react@19.2.6/node_modules/react-dom/cjs/react-
dom-client.development.js:[2m871:29[22m[39m
[90m [2mÔØ»[22m performUnitOfWork node_modules/.pnpm/react-dom@19.2.6_react@19.2.6/node_modules/react-dom/cjs/react-
dom-client.development.js:[2m17641:21[22m[39m
[90m [2mÔØ»[22m workLoopSync node_modules/.pnpm/react-dom@19.2.6_react@19.2.6/node_modules/react-dom/cjs/react-dom-c
lient.development.js:[2m17469:40[22m[39m
[90m [2mÔØ»[22m renderRootSync node_modules/.pnpm/react-dom@19.2.6_react@19.2.6/node_modules/react-dom/cjs/react-dom
-client.development.js:[2m17450:10[22m[39m
[90m [2mÔØ»[22m performWorkOnRoot node_modules/.pnpm/react-dom@19.2.6_react@19.2.6/node_modules/react-dom/cjs/react-
dom-client.development.js:[2m16583:34[22m[39m

[31m[2mÔÄ»ÔÄ»ÔÄ»ÔÄ»ÔÄ»ÔÄ»ÔÄ»ÔÄ»ÔÄ»ÔÄ»ÔÄ»ÔÄ»ÔÄ»ÔÄ»ÔÄ»ÔÄ»ÔÄ»ÔÄ»ÔÄ»ÔÄ»ÔÄ»ÔÄ»ÔÄ»ÔÄ»[1/3]ÔÄ»[22m[39m

[41m[1m FAIL [22m[49m [30m[45m storybook (chromium) [49m[39m src/components/ui/checkbox.stories.tsx[2m > 
[22mDefault
[31m[1mError[22m: 
[34mClick to debug the error directly in Storybook: 
http://localhost:6006/?path=/story/ui-checkbox--default&addonPanel=storybook/interactions/panel[31m

[2mexpect([22m[31mreceived[31m[2m).toHaveNoViolations([22m[32mexpected[31m[2m)[22m

Expected the HTML found at $('.peer') to have no violations:

[90m<button type="button" role="checkbox" aria-checked="false" data-state="unchecked" value="on" data-slot="checkbox" 
class="peer relative flex s...">[31m

Received:

[31m"Buttons must have discernible text (button-name)"[31m

[33mFix any of the following:[31m
[33m  Element does not have inner text that is visible to screen readers[31m
[33m  aria-label attribute does not exist or is empty[31m
[33m  aria-labelledby attribute does not exist, references elements that do not exist or references elements that are 
empty[31m
[33m  Element has no title attribute[31m
[33m  Element does not have an implicit (wrapped) <label>[31m
[33m  Element does not have an explicit <label>[31m
[33m  Element's default semantics were not overridden with role="none" or role="presentation"[31m

You can find more information on this issue here: 
[34mhttps://dequeuniversity.com/rules/axe/4.11/button-name?application=axeAPI[31m[39m
[90m [2mÔØ»[22m Proxy.expectWrapper node_modules/.cache/storybook/10.4.1/7a33bbed6162fa1f89a17959102c2068bc80d75d6f3
13b5013a20f203df89020/sb-vitest/deps/test-BRtLNhJu.js?v=31863c5f:[2m15383:48[22m[39m
[90m [2mÔØ»[22m Proxy.<anonymous> node_modules/.cache/storybook/10.4.1/7a33bbed6162fa1f89a17959102c2068bc80d75d6f313
b5013a20f203df89020/sb-vitest/deps/test-BRtLNhJu.js?v=31863c5f:[2m14936:100[22m[39m
[90m [2mÔØ»[22m Proxy.methodWrapper node_modules/.cache/storybook/10.4.1/7a33bbed6162fa1f89a17959102c2068bc80d75d6f3
13b5013a20f203df89020/sb-vitest/deps/test-BRtLNhJu.js?v=31863c5f:[2m10585:22[22m[39m
[90m [2mÔØ»[22m Instrumenter.invoke node_modules/.cache/storybook/10.4.1/7a33bbed6162fa1f89a17959102c2068bc80d75d6f3
13b5013a20f203df89020/sb-vitest/deps/test-BRtLNhJu.js?v=31863c5f:[2m2357:19[22m[39m
[90m [2mÔØ»[22m Instrumenter.intercept node_modules/.cache/storybook/10.4.1/7a33bbed6162fa1f89a17959102c2068bc80d75d
6f313b5013a20f203df89020/sb-vitest/deps/test-BRtLNhJu.js?v=31863c5f:[2m2260:137[22m[39m
[90m [2mÔØ»[22m Instrumenter.track node_modules/.cache/storybook/10.4.1/7a33bbed6162fa1f89a17959102c2068bc80d75d6f31
3b5013a20f203df89020/sb-vitest/deps/test-BRtLNhJu.js?v=31863c5f:[2m2251:82[22m[39m
[90m [2mÔØ»[22m Proxy.toHaveNoViolations node_modules/.cache/storybook/10.4.1/7a33bbed6162fa1f89a17959102c2068bc80d7
5d6f313b5013a20f203df89020/sb-vitest/deps/test-BRtLNhJu.js?v=31863c5f:[2m2229:150[22m[39m
[36m [2mÔØ»[22m afterEach node_modules/.pnpm/@storybook+addon-a11y@10.4._04da7dfea597a9f6340f857eef00ad94/node_modul
es/@storybook/addon-a11y/dist/_browser-chunks/chunk-2FVV6YOY.js:[2m155:25[22m[39m
    [90m153|[39m             expect.extend({ toHaveNoViolations }), vitestMatchersExtenÔÇª
    [90m154|[39m           }
    [90m155|[39m           [34mexpect[39m(result)[33m.[39m[34mtoHaveNoViolations[39m()[33m;[39m
    [90m   |[39m                         [31m^[39m
    [90m156|[39m         }
    [90m157|[39m       }
[90m [2mÔØ»[22m Object.applyAfterEach node_modules/.pnpm/storybook@10.4.1_@emnapi+co_98377345bcbb50d220d313dffb75e23
d/node_modules/storybook/dist/_browser-chunks/chunk-SZQXB3JV.js:[2m780:6[22m[39m
[90m [2mÔØ»[22m runStory node_modules/.pnpm/storybook@10.4.1_@emnapi+co_98377345bcbb50d220d313dffb75e23d/node_module
s/storybook/dist/_browser-chunks/chunk-SZQXB3JV.js:[2m1327:100[22m[39m

[2m Test Files [22m [1m[31m3 failed[39m[22m[2m | [22m[1m[32m42 passed[39m[22m[90m (45)[39m
[2m      Tests [22m [1m[31m3 failed[39m[22m[2m | [22m[1m[32m63 passed[39m[22m[90m (66)[39m
[2m   Start at [22m 21:09:57

[31m[2mÔÄ»ÔÄ»ÔÄ»ÔÄ»ÔÄ»ÔÄ»ÔÄ»ÔÄ»ÔÄ»ÔÄ»ÔÄ»ÔÄ»ÔÄ»ÔÄ»ÔÄ»ÔÄ»ÔÄ»ÔÄ»ÔÄ»ÔÄ»ÔÄ»ÔÄ»ÔÄ»ÔÄ»[2/3]ÔÄ»[22m[39m

[41m[1m FAIL [22m[49m [30m[45m storybook (chromium) [49m[39m src/components/ui/input.stories.tsx[2m > 
[22mDefault
[31m[1mError[22m: 
[34mClick to debug the error directly in Storybook: 
http://localhost:6006/?path=/story/ui-input--default&addonPanel=storybook/interactions/panel[31m

[2mexpect([22m[31mreceived[31m[2m).toHaveNoViolations([22m[32mexpected[31m[2m)[22m

Expected the HTML found at $('input') to have no violations:

[90m<input data-slot="input" class="h-7 w-full min-w-0 r...">[31m

Received:

[31m"Form elements must have labels (label)"[31m

[33mFix any of the following:[31m
[33m  Element does not have an implicit (wrapped) <label>[31m
[33m  Element does not have an explicit <label>[31m
[33m  aria-label attribute does not exist or is empty[31m
[33m  aria-labelledby attribute does not exist, references elements that do not exist or references elements that are 
empty[31m
[33m  Element has no title attribute[31m
[33m  Element has no placeholder attribute[31m
[33m  Element's default semantics were not overridden with role="none" or role="presentation"[31m

You can find more information on this issue here: 
[34mhttps://dequeuniversity.com/rules/axe/4.11/label?application=axeAPI[31m[39m
[90m [2mÔØ»[22m Proxy.expectWrapper node_modules/.cache/storybook/10.4.1/7a33bbed6162fa1f89a17959102c2068bc80d75d6f3
13b5013a20f203df89020/sb-vitest/deps/test-BRtLNhJu.js?v=31863c5f:[2m15383:48[22m[39m
[90m [2mÔØ»[22m Proxy.<anonymous> node_modules/.cache/storybook/10.4.1/7a33bbed6162fa1f89a17959102c2068bc80d75d6f313
b5013a20f203df89020/sb-vitest/deps/test-BRtLNhJu.js?v=31863c5f:[2m14936:100[22m[39m
[90m [2mÔØ»[22m Proxy.methodWrapper node_modules/.cache/storybook/10.4.1/7a33bbed6162fa1f89a17959102c2068bc80d75d6f3
13b5013a20f203df89020/sb-vitest/deps/test-BRtLNhJu.js?v=31863c5f:[2m10585:22[22m[39m
[90m [2mÔØ»[22m Instrumenter.invoke node_modules/.cache/storybook/10.4.1/7a33bbed6162fa1f89a17959102c2068bc80d75d6f3
13b5013a20f203df89020/sb-vitest/deps/test-BRtLNhJu.js?v=31863c5f:[2m2357:19[22m[39m
[90m [2mÔØ»[22m Instrumenter.intercept node_modules/.cache/storybook/10.4.1/7a33bbed6162fa1f89a17959102c2068bc80d75d
6f313b5013a20f203df89020/sb-vitest/deps/test-BRtLNhJu.js?v=31863c5f:[2m2260:137[22m[39m
[90m [2mÔØ»[22m Instrumenter.track node_modules/.cache/storybook/10.4.1/7a33bbed6162fa1f89a17959102c2068bc80d75d6f31
3b5013a20f203df89020/sb-vitest/deps/test-BRtLNhJu.js?v=31863c5f:[2m2251:82[22m[39m
[90m [2mÔØ»[22m Proxy.toHaveNoViolations node_modules/.cache/storybook/10.4.1/7a33bbed6162fa1f89a17959102c2068bc80d7
5d6f313b5013a20f203df89020/sb-vitest/deps/test-BRtLNhJu.js?v=31863c5f:[2m2229:150[22m[39m
[36m [2mÔØ»[22m afterEach node_modules/.pnpm/@storybook+addon-a11y@10.4._04da7dfea597a9f6340f857eef00ad94/node_modul
es/@storybook/addon-a11y/dist/_browser-chunks/chunk-2FVV6YOY.js:[2m155:25[22m[39m
    [90m153|[39m             expect.extend({ toHaveNoViolations }), vitestMatchersExtenÔÇª
    [90m154|[39m           }
    [90m155|[39m           [34mexpect[39m(result)[33m.[39m[34mtoHaveNoViolations[39m()[33m;[39m
    [90m   |[39m                         [31m^[39m
    [90m156|[39m         }
    [90m157|[39m       }
[90m [2mÔØ»[22m Object.applyAfterEach node_modules/.pnpm/storybook@10.4.1_@emnapi+co_98377345bcbb50d220d313dffb75e23
d/node_modules/storybook/dist/_browser-chunks/chunk-SZQXB3JV.js:[2m780:6[22m[39m
[90m [2mÔØ»[22m runStory node_modules/.pnpm/storybook@10.4.1_@emnapi+co_98377345bcbb50d220d313dffb75e23d/node_module
s/storybook/dist/_browser-chunks/chunk-SZQXB3JV.js:[2m1327:100[22m[39m

[31m[2mÔÄ»ÔÄ»ÔÄ»ÔÄ»ÔÄ»ÔÄ»ÔÄ»ÔÄ»ÔÄ»ÔÄ»ÔÄ»ÔÄ»ÔÄ»ÔÄ»ÔÄ»ÔÄ»ÔÄ»ÔÄ»ÔÄ»ÔÄ»ÔÄ»ÔÄ»ÔÄ»ÔÄ»[3/3]ÔÄ»[22m[39m

[2m   Duration [22m 47.45s[2m (transform 0ms, setup 81.33s, import 53.77s, tests 52.87s, environment 0ms)[22m

[ELIFECYCLE] Command failed with exit code 1.
